8:21:36 PM [vite] (client) [console.warn] Avoid using `history.pushState(...)` and `history.replaceState(...)` as these will conflict with SvelteKit's router. Use the `pushState` and `replaceState` imports from `$app/navigation` instead.
8:52:42 PM [vite] (client) Pre-transform error: src/lib/screens/MemorialScreen.svelte:2578:87 Can only bind to an Identifier or MemberExpression or a `{get, set}` pair
https://svelte.dev/e/bind_invalid_expression
  Plugin: vite-plugin-svelte:compile
  File: src/lib/screens/MemorialScreen.svelte:2578:87
   2576 |                        addingRelatedSpirit ? relatedSpiritForm : form
   2577 |                      )}{@render field('Nơi an táng', 'burial_place', false, addingRelatedSpirit ? relatedSpiritForm : form)}{@render field('Ngày đưa vào khu thờ', 'entered_worship_area_at', false, addingRelatedSpirit ? relatedSpiritForm : form)}{@render field('Ngày an vị', 'enshrined_at', false, addingRelatedSpirit ? relatedSpiritForm : form)}
   2578 |                      <label><span class="mb-1 block text-sm font-medium">Tình trạng</span><select bind:value={(addingRelatedSpirit ? relatedSpiritForm : form).status} class="h-11 w-full rounded-md border-[var(--color-border-strong)]"><option value="draft">Nháp</option><option value="worshipping">Đang thờ</option><option value="enshrined">Đã an vị</option><option value="moved">Đã chuyển</option><option value="dedicated">Đã hồi hướng</option><option value="archived">Đã lưu trữ</option></select></label>
                                                                                                                                                                                ^
   2579 |                      <label class="flex h-11 items-center gap-2 rounded-md border border-[var(--color-border-strong)] px-3 text-sm md:col-span-2">
   2580 |                        <input
8:52:42 PM [vite] Internal server error: src/lib/screens/MemorialScreen.svelte:2578:87 Can only bind to an Identifier or MemberExpression or a `{get, set}` pair
https://svelte.dev/e/bind_invalid_expression
  Plugin: vite-plugin-svelte:compile
  File: src/lib/screens/MemorialScreen.svelte:2578:87
   2576 |                        addingRelatedSpirit ? relatedSpiritForm : form
   2577 |                      )}{@render field('Nơi an táng', 'burial_place', false, addingRelatedSpirit ? relatedSpiritForm : form)}{@render field('Ngày đưa vào khu thờ', 'entered_worship_area_at', false, addingRelatedSpirit ? relatedSpiritForm : form)}{@render field('Ngày an vị', 'enshrined_at', false, addingRelatedSpirit ? relatedSpiritForm : form)}
   2578 |                      <label><span class="mb-1 block text-sm font-medium">Tình trạng</span><select bind:value={(addingRelatedSpirit ? relatedSpiritForm : form).status} class="h-11 w-full rounded-md border-[var(--color-border-strong)]"><option value="draft">Nháp</option><option value="worshipping">Đang thờ</option><option value="enshrined">Đã an vị</option><option value="moved">Đã chuyển</option><option value="dedicated">Đã hồi hướng</option><option value="archived">Đã lưu trữ</option></select></label>
                                                                                                                                                                                ^
   2579 |                      <label class="flex h-11 items-center gap-2 rounded-md border border-[var(--color-border-strong)] px-3 text-sm md:col-span-2">
   2580 |                        <input
8:52:42 PM [vite] (client) [console.warn] The next HMR update will cause the page to reload
8:52:42 PM [vite] (client) [console.error] TypeError: Failed to fetch dynamically imported module: http://localhost:5173/.svelte-kit/generated/client/nodes/3.js?t=1789221161193
8:58:06 PM [vite] (client) [console.warn] Avoid using `history.pushState(...)` and `history.replaceState(...)` as these will conflict with SvelteKit's router. Use the `pushState` and `replaceState` imports from `$app/navigation` instead.
9:16:44 PM [vite] (client) [console.warn] Avoid using `history.pushState(...)` and `history.replaceState(...)` as these will conflict with SvelteKit's router. Use the `pushState` and `replaceState` imports from `$app/navigation` instead.
9:18:42 PM [vite] (client) [console.warn] Avoid using `history.pushState(...)` and `history.replaceState(...)` as these will conflict with SvelteKit's router. Use the `pushState` and `replaceState` imports from `$app/navigation` instead.
9:33:51 PM [vite] (client) [console.warn] Avoid using `history.pushState(...)` and `history.replaceState(...)` as these will conflict with SvelteKit's router. Use the `pushState` and `replaceState` imports from `$app/navigation` instead.
9:48:14 PM [vite] (client) [console.warn] Avoid using `history.pushState(...)` and `history.replaceState(...)` as these will conflict with SvelteKit's router. Use the `pushState` and `replaceState` imports from `$app/navigation` instead.
9:49:11 PM [vite] (client) [console.warn] Avoid using `history.pushState(...)` and `history.replaceState(...)` as these will conflict with SvelteKit's router. Use the `pushState` and `replaceState` imports from `$app/navigation` instead.
9:50:11 PM [vite] (client) [console.warn] Avoid using `history.pushState(...)` and `history.replaceState(...)` as these will conflict with SvelteKit's router. Use the `pushState` and `replaceState` imports from `$app/navigation` instead.
9:53:25 PM [vite] (client) Pre-transform error: src/lib/memorial/house-filter.svelte.ts:1:33 `$state(...)` can only be used as a variable declaration initializer, a class field declaration, or the first assignment to a class field at the top level of the constructor.
https://svelte.dev/e/state_invalid_placement
  Plugin: vite-plugin-svelte:compile-module
  File: src/lib/memorial/house-filter.svelte.ts:1:33
   1 |  export const houseFilter = { id: $state("") };
                                                   ^
   2 |  
9:53:25 PM [vite] (client) Pre-transform error: src/lib/memorial/house-filter.svelte.ts:1:33 `$state(...)` can only be used as a variable declaration initializer, a class field declaration, or the first assignment to a class field at the top level of the constructor.
https://svelte.dev/e/state_invalid_placement
  Plugin: vite-plugin-svelte:compile-module
  File: src/lib/memorial/house-filter.svelte.ts:1:33
   1 |  export const houseFilter = { id: $state("") };
                                                   ^
   2 |  
9:53:25 PM [vite] Internal server error: src/lib/memorial/house-filter.svelte.ts:1:33 `$state(...)` can only be used as a variable declaration initializer, a class field declaration, or the first assignment to a class field at the top level of the constructor.
https://svelte.dev/e/state_invalid_placement
  Plugin: vite-plugin-svelte:compile-module
  File: src/lib/memorial/house-filter.svelte.ts:1:33
   1 |  export const houseFilter = { id: $state("") };
                                                   ^
   2 |  
9:53:25 PM [vite] (client) [console.error] [vite] Failed to reload /src/lib/app/DesktopSidebar.svelte. This could be due to syntax errors or importing non-existent modules. (see errors above)
9:53:25 PM [vite] (client) [Unhandled rejection] TypeError: Cannot read properties of undefined (reading 'default')
 > src/lib/app/DesktopSidebar.svelte?t=1789224597179:409:39
 > ../../../@vite/client:67:58
 > ../../../@vite/client:217:52
 > ../../../@vite/client:195:55
 > HMRClient.queueUpdate ../../../@vite/client:195:33
 > handleMessage ../../../@vite/client:972:4

9:53:45 PM [vite] (client) Pre-transform error: src/lib/memorial/house-filter.svelte.ts:1:33 `$state(...)` can only be used as a variable declaration initializer, a class field declaration, or the first assignment to a class field at the top level of the constructor.
https://svelte.dev/e/state_invalid_placement
  Plugin: vite-plugin-svelte:compile-module
  File: src/lib/memorial/house-filter.svelte.ts:1:33
   1 |  export const houseFilter = { id: $state("") };
                                                   ^
   2 |  
9:53:45 PM [vite] (client) Pre-transform error: src/lib/memorial/house-filter.svelte.ts:1:33 `$state(...)` can only be used as a variable declaration initializer, a class field declaration, or the first assignment to a class field at the top level of the constructor.
https://svelte.dev/e/state_invalid_placement
  Plugin: vite-plugin-svelte:compile-module
  File: src/lib/memorial/house-filter.svelte.ts:1:33
   1 |  export const houseFilter = { id: $state("") };
                                                   ^
   2 |  
9:53:45 PM [vite] (client) Pre-transform error: src/lib/memorial/house-filter.svelte.ts:1:33 `$state(...)` can only be used as a variable declaration initializer, a class field declaration, or the first assignment to a class field at the top level of the constructor.
https://svelte.dev/e/state_invalid_placement
  Plugin: vite-plugin-svelte:compile-module
  File: src/lib/memorial/house-filter.svelte.ts:1:33
   1 |  export const houseFilter = { id: $state("") };
                                                   ^
   2 |  
9:53:45 PM [vite] (client) [console.error] [vite] Failed to reload /src/lib/screens/StatisticsScreen.svelte. This could be due to syntax errors or importing non-existent modules. (see errors above)
9:53:45 PM [vite] (client) [Unhandled rejection] TypeError: Cannot read properties of undefined (reading 'default')
 > src/lib/screens/StatisticsScreen.svelte?t=1789222954959:179:41
 > ../../../@vite/client:67:58
 > ../../../@vite/client:217:52
 > ../../../@vite/client:195:55
 > HMRClient.queueUpdate ../../../@vite/client:195:33
 > handleMessage ../../../@vite/client:972:4

9:53:45 PM [vite] (client) Pre-transform error: src/lib/memorial/house-filter.svelte.ts:1:33 `$state(...)` can only be used as a variable declaration initializer, a class field declaration, or the first assignment to a class field at the top level of the constructor.
https://svelte.dev/e/state_invalid_placement
  Plugin: vite-plugin-svelte:compile-module
  File: src/lib/memorial/house-filter.svelte.ts:1:33
   1 |  export const houseFilter = { id: $state("") };
                                                   ^
   2 |  
9:53:45 PM [vite] (client) [console.error] [vite] Failed to reload /src/lib/screens/StructureScreen.svelte. This could be due to syntax errors or importing non-existent modules. (see errors above)
9:53:45 PM [vite] (client) [Unhandled rejection] TypeError: Cannot read properties of undefined (reading 'default')
 > src/lib/screens/StructureScreen.svelte?t=1789224694837:2943:40
 > ../../../@vite/client:67:58
 > ../../../@vite/client:217:52
 > ../../../@vite/client:195:55
 > HMRClient.queueUpdate ../../../@vite/client:195:33
 > handleMessage ../../../@vite/client:972:4

9:53:53 PM [vite] (client) Pre-transform error: src/lib/memorial/house-filter.svelte.ts:1:33 `$state(...)` can only be used as a variable declaration initializer, a class field declaration, or the first assignment to a class field at the top level of the constructor.
https://svelte.dev/e/state_invalid_placement
  Plugin: vite-plugin-svelte:compile-module
  File: src/lib/memorial/house-filter.svelte.ts:1:33
   1 |  export const houseFilter = { id: $state("") };
                                                   ^
   2 |  
9:53:53 PM [vite] (client) Pre-transform error: src/lib/memorial/house-filter.svelte.ts:1:33 `$state(...)` can only be used as a variable declaration initializer, a class field declaration, or the first assignment to a class field at the top level of the constructor.
https://svelte.dev/e/state_invalid_placement
  Plugin: vite-plugin-svelte:compile-module
  File: src/lib/memorial/house-filter.svelte.ts:1:33
   1 |  export const houseFilter = { id: $state("") };
                                                   ^
   2 |  
9:53:53 PM [vite] (client) Pre-transform error: src/lib/memorial/house-filter.svelte.ts:1:33 `$state(...)` can only be used as a variable declaration initializer, a class field declaration, or the first assignment to a class field at the top level of the constructor.
https://svelte.dev/e/state_invalid_placement
  Plugin: vite-plugin-svelte:compile-module
  File: src/lib/memorial/house-filter.svelte.ts:1:33
   1 |  export const houseFilter = { id: $state("") };
                                                   ^
   2 |  
9:53:53 PM [vite] (client) [console.error] [vite] Failed to reload /src/lib/screens/StatisticsScreen.svelte. This could be due to syntax errors or importing non-existent modules. (see errors above)
9:53:53 PM [vite] (client) [Unhandled rejection] TypeError: Cannot read properties of undefined (reading 'default')
 > src/lib/screens/StatisticsScreen.svelte?t=1789222954959:179:41
 > ../../../@vite/client:67:58
 > ../../../@vite/client:217:52
 > ../../../@vite/client:195:55
 > HMRClient.queueUpdate ../../../@vite/client:195:33
 > handleMessage ../../../@vite/client:972:4

9:53:53 PM [vite] (client) Pre-transform error: src/lib/memorial/house-filter.svelte.ts:1:33 `$state(...)` can only be used as a variable declaration initializer, a class field declaration, or the first assignment to a class field at the top level of the constructor.
https://svelte.dev/e/state_invalid_placement
  Plugin: vite-plugin-svelte:compile-module
  File: src/lib/memorial/house-filter.svelte.ts:1:33
   1 |  export const houseFilter = { id: $state("") };
                                                   ^
   2 |  
9:53:53 PM [vite] (client) [console.error] [vite] Failed to reload /src/lib/screens/StructureScreen.svelte. This could be due to syntax errors or importing non-existent modules. (see errors above)
9:53:53 PM [vite] (client) [Unhandled rejection] TypeError: Cannot read properties of undefined (reading 'default')
 > src/lib/screens/StructureScreen.svelte?t=1789224694837:2943:40
 > ../../../@vite/client:67:58
 > ../../../@vite/client:217:52
 > ../../../@vite/client:195:55
 > HMRClient.queueUpdate ../../../@vite/client:195:33
 > handleMessage ../../../@vite/client:972:4

9:54:00 PM [vite] (client) Pre-transform error: src/lib/memorial/house-filter.svelte.ts:1:33 `$state(...)` can only be used as a variable declaration initializer, a class field declaration, or the first assignment to a class field at the top level of the constructor.
https://svelte.dev/e/state_invalid_placement
  Plugin: vite-plugin-svelte:compile-module
  File: src/lib/memorial/house-filter.svelte.ts:1:33
   1 |  export const houseFilter = { id: $state("") };
                                                   ^
   2 |  
9:54:00 PM [vite] (client) Pre-transform error: src/lib/memorial/house-filter.svelte.ts:1:33 `$state(...)` can only be used as a variable declaration initializer, a class field declaration, or the first assignment to a class field at the top level of the constructor.
https://svelte.dev/e/state_invalid_placement
  Plugin: vite-plugin-svelte:compile-module
  File: src/lib/memorial/house-filter.svelte.ts:1:33
   1 |  export const houseFilter = { id: $state("") };
                                                   ^
   2 |  
9:54:00 PM [vite] (client) [console.error] [vite] Failed to reload /src/lib/screens/UrnsScreen.svelte. This could be due to syntax errors or importing non-existent modules. (see errors above)
9:54:00 PM [vite] (client) [Unhandled rejection] TypeError: Cannot read properties of undefined (reading 'default')
 > src/lib/screens/UrnsScreen.svelte?t=1789224553403:1156:35
 > ../../../@vite/client:67:58
 > ../../../@vite/client:217:52
 > ../../../@vite/client:195:55
 > HMRClient.queueUpdate ../../../@vite/client:195:33
 > handleMessage ../../../@vite/client:972:4

9:54:24 PM [vite] Internal server error: src/lib/memorial/house-filter.svelte.ts:1:33 `$state(...)` can only be used as a variable declaration initializer, a class field declaration, or the first assignment to a class field at the top level of the constructor.
https://svelte.dev/e/state_invalid_placement
  Plugin: vite-plugin-svelte:compile-module
  File: src/lib/memorial/house-filter.svelte.ts:1:33
   1 |  export const houseFilter = { id: $state("") };
                                                   ^
   2 |  
9:54:24 PM [vite] (client) [console.warn] The next HMR update will cause the page to reload
9:54:24 PM [vite] (client) [console.error] TypeError: Failed to fetch dynamically imported module: http://localhost:5173/.svelte-kit/generated/client/nodes/3.js?t=1789224840218
9:54:25 PM [vite] Internal server error: src/lib/memorial/house-filter.svelte.ts:1:33 `$state(...)` can only be used as a variable declaration initializer, a class field declaration, or the first assignment to a class field at the top level of the constructor.
https://svelte.dev/e/state_invalid_placement
  Plugin: vite-plugin-svelte:compile-module
  File: src/lib/memorial/house-filter.svelte.ts:1:33
   1 |  export const houseFilter = { id: $state("") };
                                                   ^
   2 |  
9:54:25 PM [vite] (client) [console.warn] The next HMR update will cause the page to reload
9:54:25 PM [vite] (client) [console.error] TypeError: Failed to fetch dynamically imported module: http://localhost:5173/.svelte-kit/generated/client/nodes/3.js?t=1789224840218
9:55:50 PM [vite] (client) [console.warn] Avoid using `history.pushState(...)` and `history.replaceState(...)` as these will conflict with SvelteKit's router. Use the `pushState` and `replaceState` imports from `$app/navigation` instead.
9:58:03 PM [vite] (client) [console.warn] Avoid using `history.pushState(...)` and `history.replaceState(...)` as these will conflict with SvelteKit's router. Use the `pushState` and `replaceState` imports from `$app/navigation` instead.
10:04:33 PM [vite] (client) [console.warn] Avoid using `history.pushState(...)` and `history.replaceState(...)` as these will conflict with SvelteKit's router. Use the `pushState` and `replaceState` imports from `$app/navigation` instead.
