9:16:41 AM [vite] (client) [console.warn] Avoid using `history.pushState(...)` and `history.replaceState(...)` as these will conflict with SvelteKit's router. Use the `pushState` and `replaceState` imports from `$app/navigation` instead.
9:21:40 AM [vite] (client) [console.warn] Avoid using `history.pushState(...)` and `history.replaceState(...)` as these will conflict with SvelteKit's router. Use the `pushState` and `replaceState` imports from `$app/navigation` instead.
9:32:42 AM [vite] (client) [console.warn] Avoid using `history.pushState(...)` and `history.replaceState(...)` as these will conflict with SvelteKit's router. Use the `pushState` and `replaceState` imports from `$app/navigation` instead.
9:56:21 AM [vite] (client) [Unhandled rejection] TypeError: Failed to fetch
 > window.fetch node_modules/@sveltejs/kit/src/runtime/client/fetcher.js?v=352eea74:67:10
 > apiFetch src/lib/api/client.ts:18:8
    16 |  		headers.set('Content-Type', 'application/json');
    17 |  	}
    18 |  	return fetch(`${apiBaseURL()}${path}`, {
       |          ^
    19 |  		...init,
    20 |  		headers
 > apiRequest src/lib/api/client.ts:25:24
 > listTablets src/lib/memorial/api.ts:226:8
 > src/lib/screens/MemorialScreen.svelte:541:59
 > changeArea src/lib/screens/MemorialScreen.svelte:541:41

9:56:22 AM [vite] (client) [Unhandled rejection] TypeError: Failed to fetch
 > window.fetch node_modules/@sveltejs/kit/src/runtime/client/fetcher.js?v=352eea74:67:10
 > apiFetch src/lib/api/client.ts:18:8
    16 |  		headers.set('Content-Type', 'application/json');
    17 |  	}
    18 |  	return fetch(`${apiBaseURL()}${path}`, {
       |          ^
    19 |  		...init,
    20 |  		headers
 > apiRequest src/lib/api/client.ts:25:24
 > listTablets src/lib/memorial/api.ts:226:8
 > src/lib/screens/MemorialScreen.svelte:541:59
 > changeArea src/lib/screens/MemorialScreen.svelte:541:41

11:22:45 AM [vite] (client) [console.warn] Avoid using `history.pushState(...)` and `history.replaceState(...)` as these will conflict with SvelteKit's router. Use the `pushState` and `replaceState` imports from `$app/navigation` instead.
1:57:55 PM [vite] (client) [console.warn] Avoid using `history.pushState(...)` and `history.replaceState(...)` as these will conflict with SvelteKit's router. Use the `pushState` and `replaceState` imports from `$app/navigation` instead.
2:10:48 PM [vite] (client) [Unhandled error] TypeError: Cannot read properties of undefined (reading 'length')

	in <unknown>
	in PositionMap.svelte
	in StructureScreen.svelte
	in AppShell.svelte
	in AppPage.svelte
	in +page.svelte
	in +layout.svelte
	in root.svelte
	in undefined

 > src/lib/memorial/PositionMap.svelte:414:53
    412 |  									</span>
    413 |  								{/if}
    414 |  								{#if showSummary && position.tablet_statuses.length > 0}
        |                                                       ^
    415 |  									<span
    416 |  										class="mt-1 block truncate leading-tight font-semibold opacity-80"
 > node_modules/svelte/src/internal/client/dom/blocks/if.js:63:2
 > update_reaction node_modules/svelte/src/internal/client/runtime.js:259:15
 > update_effect node_modules/svelte/src/internal/client/runtime.js:478:17
 > create_effect node_modules/svelte/src/internal/client/reactivity/effects.js:137:3
 > block node_modules/svelte/src/internal/client/reactivity/effects.js:414:14
 > Module.if_block node_modules/svelte/src/internal/client/dom/blocks/if.js:60:1
 > src/lib/memorial/PositionMap.svelte?t=1789283435180:574:22
 > Module.add_svelte_meta node_modules/svelte/src/internal/client/context.js:49:9
 > consequent_7 src/lib/memorial/PositionMap.svelte?t=1789283435180:573:13

2:12:36 PM [vite] (client) [console.warn] Avoid using `history.pushState(...)` and `history.replaceState(...)` as these will conflict with SvelteKit's router. Use the `pushState` and `replaceState` imports from `$app/navigation` instead.
2:14:44 PM [vite] (client) [console.warn] Avoid using `history.pushState(...)` and `history.replaceState(...)` as these will conflict with SvelteKit's router. Use the `pushState` and `replaceState` imports from `$app/navigation` instead.
2:19:54 PM [vite] (client) [console.warn] Avoid using `history.pushState(...)` and `history.replaceState(...)` as these will conflict with SvelteKit's router. Use the `pushState` and `replaceState` imports from `$app/navigation` instead.
2:31:37 PM [vite] (client) [console.warn] Avoid using `history.pushState(...)` and `history.replaceState(...)` as these will conflict with SvelteKit's router. Use the `pushState` and `replaceState` imports from `$app/navigation` instead.
2:44:35 PM [vite] (client) [console.warn] Avoid using `history.pushState(...)` and `history.replaceState(...)` as these will conflict with SvelteKit's router. Use the `pushState` and `replaceState` imports from `$app/navigation` instead.
2:45:09 PM [vite] (client) [console.warn] Avoid using `history.pushState(...)` and `history.replaceState(...)` as these will conflict with SvelteKit's router. Use the `pushState` and `replaceState` imports from `$app/navigation` instead.
3:28:49 PM [vite] (client) [console.warn] Avoid using `history.pushState(...)` and `history.replaceState(...)` as these will conflict with SvelteKit's router. Use the `pushState` and `replaceState` imports from `$app/navigation` instead.
3:32:05 PM [vite] (client) [console.warn] Avoid using `history.pushState(...)` and `history.replaceState(...)` as these will conflict with SvelteKit's router. Use the `pushState` and `replaceState` imports from `$app/navigation` instead.
3:33:22 PM [vite] (client) [console.warn] Avoid using `history.pushState(...)` and `history.replaceState(...)` as these will conflict with SvelteKit's router. Use the `pushState` and `replaceState` imports from `$app/navigation` instead.
3:34:22 PM [vite] (client) [console.warn] Avoid using `history.pushState(...)` and `history.replaceState(...)` as these will conflict with SvelteKit's router. Use the `pushState` and `replaceState` imports from `$app/navigation` instead.
3:35:05 PM [vite] (client) [console.warn] Avoid using `history.pushState(...)` and `history.replaceState(...)` as these will conflict with SvelteKit's router. Use the `pushState` and `replaceState` imports from `$app/navigation` instead.
3:37:12 PM [vite] (client) Pre-transform error: F:/Code/nhalinh/fe/src/lib/screens/MemorialScreen.svelte:2743:2 Expected token >
https://svelte.dev/e/expected_token
  Plugin: vite-plugin-svelte:compile
  File: F:/Code/nhalinh/fe/src/lib/screens/MemorialScreen.svelte:2743:2
   2741 |            fontSize={12}
   2742 |          /></button
   2743 |      {/each}
               ^
   2744 |    </div>{/snippet}
   2745 |  
3:37:13 PM [vite] Internal server error: F:/Code/nhalinh/fe/src/lib/screens/MemorialScreen.svelte:2743:2 Expected token >
https://svelte.dev/e/expected_token
  Plugin: vite-plugin-svelte:compile
  File: F:/Code/nhalinh/fe/src/lib/screens/MemorialScreen.svelte:2743:2
   2741 |            fontSize={12}
   2742 |          /></button
   2743 |      {/each}
               ^
   2744 |    </div>{/snippet}
   2745 |  
3:37:13 PM [vite] (client) [console.warn] The next HMR update will cause the page to reload
3:37:13 PM [vite] (client) [console.error] TypeError: Failed to fetch dynamically imported module: http://127.0.0.1:5173/.svelte-kit/generated/client/nodes/3.js?t=1789288632578
3:37:39 PM [vite] (client) [console.warn] Avoid using `history.pushState(...)` and `history.replaceState(...)` as these will conflict with SvelteKit's router. Use the `pushState` and `replaceState` imports from `$app/navigation` instead.
4:19:56 PM [vite] (client) [console.warn] Avoid using `history.pushState(...)` and `history.replaceState(...)` as these will conflict with SvelteKit's router. Use the `pushState` and `replaceState` imports from `$app/navigation` instead.
4:25:10 PM [vite] (client) [console.warn] Avoid using `history.pushState(...)` and `history.replaceState(...)` as these will conflict with SvelteKit's router. Use the `pushState` and `replaceState` imports from `$app/navigation` instead.
